[   34204ms] [WARNING] Google Maps JavaScript API has been loaded directly without loading=async. This can result in suboptimal performance. For best-practice loading patterns please see https://goo.gle/js-api-loading @ https://maps.googleapis.com/maps/api/js?key=AIzaSyA6i7KmBADK077HIQxi69uu68kRtZ54EnI&v=3.exp&libraries=places:1434
[   34230ms] [WARNING] Native: tried calling StatusBar.styleDefault, but Cordova is not available. Make sure to include cordova.js or run in a device/simulator @ https://skipres.com/vendor-es2015.baf056e10c957ff047bd.js:0
[   34250ms] [LOG] NOT LOGGED BY TOKEN @ https://skipres.com/main-es2015.40b4efd3a60c557310d3.js:0
[   34374ms] [LOG] LOAD BASIC CATEGORY @ https://skipres.com/main-es2015.40b4efd3a60c557310d3.js:0
[   34375ms] [LOG] NOT LOGGED AFTER CHECK @ https://skipres.com/main-es2015.40b4efd3a60c557310d3.js:0
[   42810ms] [WARNING] Google Maps JavaScript API has been loaded directly without loading=async. This can result in suboptimal performance. For best-practice loading patterns please see https://goo.gle/js-api-loading @ https://maps.googleapis.com/maps/api/js?key=AIzaSyA6i7KmBADK077HIQxi69uu68kRtZ54EnI&v=3.exp&libraries=places:1434
[   42829ms] [WARNING] Native: tried calling StatusBar.styleDefault, but Cordova is not available. Make sure to include cordova.js or run in a device/simulator @ https://skipres.com/vendor-es2015.baf056e10c957ff047bd.js:0
[   42851ms] [LOG] NOT LOGGED BY TOKEN @ https://skipres.com/main-es2015.40b4efd3a60c557310d3.js:0
[   42983ms] [LOG] LOAD BASIC CATEGORY @ https://skipres.com/main-es2015.40b4efd3a60c557310d3.js:0
[   42984ms] [LOG] NOT LOGGED AFTER CHECK @ https://skipres.com/main-es2015.40b4efd3a60c557310d3.js:0
[   46239ms] [WARNING] Google Maps JavaScript API has been loaded directly without loading=async. This can result in suboptimal performance. For best-practice loading patterns please see https://goo.gle/js-api-loading @ https://maps.googleapis.com/maps/api/js?key=AIzaSyA6i7KmBADK077HIQxi69uu68kRtZ54EnI&v=3.exp&libraries=places:1434
[   46258ms] [WARNING] Native: tried calling StatusBar.styleDefault, but Cordova is not available. Make sure to include cordova.js or run in a device/simulator @ https://skipres.com/vendor-es2015.baf056e10c957ff047bd.js:0
[   46277ms] [LOG] NOT LOGGED BY TOKEN @ https://skipres.com/main-es2015.40b4efd3a60c557310d3.js:0
[   46400ms] [LOG] LOAD BASIC CATEGORY @ https://skipres.com/main-es2015.40b4efd3a60c557310d3.js:0
[   46401ms] [LOG] NOT LOGGED AFTER CHECK @ https://skipres.com/main-es2015.40b4efd3a60c557310d3.js:0
[   63087ms] [WARNING] Google Maps JavaScript API has been loaded directly without loading=async. This can result in suboptimal performance. For best-practice loading patterns please see https://goo.gle/js-api-loading @ https://maps.googleapis.com/maps/api/js?key=AIzaSyA6i7KmBADK077HIQxi69uu68kRtZ54EnI&v=3.exp&libraries=places:1434
[   63108ms] [WARNING] Native: tried calling StatusBar.styleDefault, but Cordova is not available. Make sure to include cordova.js or run in a device/simulator @ https://skipres.com/vendor-es2015.baf056e10c957ff047bd.js:0
[   63132ms] [LOG] NOT LOGGED BY TOKEN @ https://skipres.com/main-es2015.40b4efd3a60c557310d3.js:0
[   63260ms] [LOG] LOAD BASIC CATEGORY @ https://skipres.com/main-es2015.40b4efd3a60c557310d3.js:0
[   63262ms] [LOG] NOT LOGGED AFTER CHECK @ https://skipres.com/main-es2015.40b4efd3a60c557310d3.js:0
[  199715ms] [LOG] [Fast Refresh] rebuilding @ http://localhost:3001/_next/static/chunks/node_modules_next_dist_115brz8._.js:2431
[  199742ms] [LOG] [Fast Refresh] done in 28ms @ http://localhost:3001/_next/static/chunks/node_modules_next_dist_115brz8._.js:2431
[  225192ms] [INFO] %cDownload the React DevTools for a better development experience: https://react.dev/link/react-devtools font-weight:bold @ http://localhost:3001/_next/static/chunks/node_modules_next_dist_115brz8._.js:2431
[  225201ms] [LOG] [HMR] connected @ http://localhost:3001/_next/static/chunks/node_modules_next_dist_115brz8._.js:2431
[  225243ms] [WARNING] Please ensure that the container has a non-static position, like 'relative', 'fixed', or 'absolute' to ensure scroll offset is calculated correctly. @ http://localhost:3001/_next/static/chunks/node_modules_next_dist_115brz8._.js:2431
[  282370ms] [WARNING] Google Maps JavaScript API has been loaded directly without loading=async. This can result in suboptimal performance. For best-practice loading patterns please see https://goo.gle/js-api-loading @ https://maps.googleapis.com/maps/api/js?key=AIzaSyA6i7KmBADK077HIQxi69uu68kRtZ54EnI&v=3.exp&libraries=places:1434
[  282395ms] [WARNING] Native: tried calling StatusBar.styleDefault, but Cordova is not available. Make sure to include cordova.js or run in a device/simulator @ https://skipres.com/vendor-es2015.baf056e10c957ff047bd.js:0
[  282417ms] [LOG] NOT LOGGED BY TOKEN @ https://skipres.com/main-es2015.40b4efd3a60c557310d3.js:0
[  282543ms] [LOG] LOAD BASIC CATEGORY @ https://skipres.com/main-es2015.40b4efd3a60c557310d3.js:0
[  282545ms] [LOG] NOT LOGGED AFTER CHECK @ https://skipres.com/main-es2015.40b4efd3a60c557310d3.js:0
[  740350ms] [LOG] [Fast Refresh] rebuilding @ http://localhost:3001/_next/static/chunks/node_modules_next_dist_115brz8._.js:2431
[  740452ms] [LOG] [Fast Refresh] done in 204ms @ http://localhost:3001/_next/static/chunks/node_modules_next_dist_115brz8._.js:2431
[ 1047398ms] [LOG] [Fast Refresh] rebuilding @ http://localhost:3001/_next/static/chunks/node_modules_next_dist_115brz8._.js:2431
[ 1047426ms] [LOG] [Fast Refresh] done in 30ms @ http://localhost:3001/_next/static/chunks/node_modules_next_dist_115brz8._.js:2431
[ 1297467ms] [LOG] [Fast Refresh] rebuilding @ http://localhost:3001/_next/static/chunks/node_modules_next_dist_115brz8._.js:2431
[ 1297518ms] [LOG] [Fast Refresh] done in 47ms @ http://localhost:3001/_next/static/chunks/node_modules_next_dist_115brz8._.js:2431
